// Jest Snapshot v1, https://goo.gl/fbAQLP

exports[`<Example /> Should match snapshot 1`] = `
<div>
  <div
    class="flex justify-center"
  >
    <h1
      class="font-bold text-lg"
    >
      Hello World
    </h1>
  </div>
</div>
`;
